node.exe :  Vitest  
"deps.inline" is 
deprecated. If you 
rely on vite-node 
directly, use 
"server.deps.inline" 
instead. Otherwise, 
consider using "deps.
optimizer.web.include
"
At C:\Program Files\n
odejs\npx.ps1:29 
char:3
+   & $NODE_EXE 
$NPX_CLI_JS $args
+   ~~~~~~~~~~~~~~~~~
~~~~~~~~~~~~
    + CategoryInfo   
           : NotSpe  
  cified: ( Vitest   
   "deps....er.we    
b.include":Strin    
g) [], RemoteExc    
eption
    + FullyQualified 
   ErrorId : Native  
  CommandError
 

 RUN  v2.1.9 C:/Users/ppgir/Documents/dev/fidelity-ira-modeling

stdout | src/tests/integration/dashboard-portfolio-display.test.tsx > Dashboard Portfolio Display Integration Test > should display the loading indicator and then render the demo portfolio
First load detected. Seeding demo portfolio...

stderr | src/tests/in
tegration/dashboard-p
ortfolio-display.test
.tsx > Dashboard 
Portfolio Display 
Integration Test > 
should display the 
loading indicator 
and then render the 
demo portfolio
Demo portfolio 
initialization 
error: Error: 
Encryption 
passphrase not set. 
Please authenticate 
first.
    at 
Proxy.storeEncrypted 
[90m(C:\Users\ppgir\
Documents\dev\fidelit
y-ira-modeling\[39ms
rc\shared\lib\db.ts:7
4:11[90m)[39m
    at initializeDemo
Portfolio [90m(C:\Us
ers\ppgir\Documents\d
ev\fidelity-ira-model
ing\[39msrc\app\hook
s\useInitDemoPortfoli
o.ts:46:17[90m)[39m
[90m    at 
runNextTicks (node:in
ternal/process/task_q
ueues:65:5)[39m
[90m    at 
processImmediate (nod
e:internal/timers:453
:9)[39m

 Γ¥» src/tests/integration/dashboard-portfolio-display.test.tsx (1 test | 1 failed) 5131ms
   ├ù Dashboard Portfolio Display Integration Test > should display the loading indicator and then render the demo portfolio 5129ms
     ΓåÆ Unable to find an element with the text: AAPL. This could be because the text is broken up by multiple elements. In this case, you can provide a function for your text matcher to make your matcher more flexible.

Ignored nodes: comments, script, style
[36m<body>[39m
  [36m<div>[39m
    [36m<div[39m
      [33mclass[39m=[32m"MuiBox-root css-1wcaknn"[39m
    [36m>[39m
      [36m<div[39m
        [33mclass[39m=[32m"MuiPaper-root MuiPaper-elevation MuiPaper-rounded MuiPaper-elevation0 MuiAlert-root MuiAlert-colorError MuiAlert-standardError MuiAlert-standard css-x7o5da-MuiPaper-root-MuiAlert-root"[39m
        [33mrole[39m=[32m"alert"[39m
      [36m>[39m
        [36m<div[39m
          [33mclass[39m=[32m"MuiAlert-icon css-1ytlwq5-MuiAlert-icon"[39m
        [36m>[39m
          [36m<svg[39m
            [33maria-hidden[39m=[32m"true"[39m
            [33mclass[39m=[32m"MuiSvgIcon-root MuiSvgIcon-fontSizeInherit css-1vooibu-MuiSvgIcon-root"[39m
            [33mdata-testid[39m=[32m"ErrorOutlineIcon"[39m
            [33mfocusable[39m=[32m"false"[39m
            [33mviewBox[39m=[32m"0 0 24 24"[39m
          [36m>[39m
            [36m<path[39m
              [33md[39m=[32m"M11 15h2v2h-2zm0-8h2v6h-2zm.99-5C6.47 2 2 6.48 2 12s4.47 10 9.99 10C17.52 22 22 17.52 22 12S17.52 2 11.99 2zM12 20c-4.42 0-8-3.58-8-8s3.58-8 8-8 8 3.58 8 8-3.58 8-8 8z"[39m
            [36m/>[39m
          [36m</svg>[39m
        [36m</div>[39m
        [36m<div[39m
          [33mclass[39m=[32m"MuiAlert-message css-1pxa9xg-MuiAlert-message"[39m
        [36m>[39m
          [36m<h6[39m
            [33mclass[39m=[32m"MuiTypography-root MuiTypography-h6 MuiTypography-gutterBottom css-18k87ye-MuiTypography-root"[39m
          [36m>[39m
            [0mInitialization Error[0m
          [36m</h6>[39m
          [36m<p[39m
            [33mclass[39m=[32m"MuiTypography-root MuiTypography-body2 css-e784if-MuiTypography-root"[39m
          [36m>[39m
            [0mEncryption passphrase not set. Please authenticate first.[0m
          [36m</p>[39m
        [36m</div>[39m
      [36m</div>[39m
    [36m</div>[39m
  [36m</div>[39m
[36m</body>[39m

Ignored nodes: comments, script, style
[36m<html>[39m
  [36m<head />[39m
  [36m<body>[39m
    [36m<div>[39m
      [36m<div[39m
        [33mclass[39m=[32m"MuiBox-root css-1wcaknn"[39m
      [36m>[39m
        [36m<div[39m
          [33mclass[39m=[32m"MuiPaper-root MuiPaper-elevation MuiPaper-rounded MuiPaper-elevation0 MuiAlert-root MuiAlert-colorError MuiAlert-standardError MuiAlert-standard css-x7o5da-MuiPaper-root-MuiAlert-root"[39m
          [33mrole[39m=[32m"alert"[39m
        [36m>[39m
          [36m<div[39m
            [33mclass[39m=[32m"MuiAlert-icon css-1ytlwq5-MuiAlert-icon"[39m
          [36m>[39m
            [36m<svg[39m
              [33maria-hidden[39m=[32m"true"[39m
              [33mclass[39m=[32m"MuiSvgIcon-root MuiSvgIcon-fontSizeInherit css-1vooibu-MuiSvgIcon-root"[39m
              [33mdata-testid[39m=[32m"ErrorOutlineIcon"[39m
              [33mfocusable[39m=[32m"false"[39m
              [33mviewBox[39m=[32m"0 0 24 24"[39m
            [36m>[39m
              [36m<path[39m
                [33md[39m=[32m"M11 15h2v2h-2zm0-8h2v6h-2zm.99-5C6.47 2 2 6.48 2 12s4.47 10 9.99 10C17.52 22 22 17.52 22 12S17.52 2 11.99 2zM12 20c-4.42 0-8-3.58-8-8s3.58-8 8-8 8 3.58 8 8-3.58 8-8 8z"[39m
              [36m/>[39m
            [36m</svg>[39m
          [36m</div>[39m
          [36m<div[39m
            [33mclass[39m=[32m"MuiAlert-message css-1pxa9xg-MuiAlert-message"[39m
          [36m>[39m
            [36m<h6[39m
              [33mclass[39m=[32m"MuiTypography-root MuiTypography-h6 MuiTypography-gutterBottom css-18k87ye-MuiTypography-root"[39m
            [36m>[39m
              [0mInitialization Error[0m
            [36m</h6>[39m
            [36m<p[39m
              [33mclass[39m=[32m"MuiTypography-root MuiTypography-body2 css-e784if-MuiTypography-root"[39m
            [36m>[39m
              [0mEncryption passphrase not set. Please authenticate first.[0m
            [36m</p>[39m
          [36m</div>[39m
        [36m</div>[39m
      [36m</div>[39m
    [36m</div>[39m
  [36m</body>[39m
[36m</html>[39m

ΓÄ»ΓÄ»ΓÄ»ΓÄ»ΓÄ»ΓÄ»ΓÄ»
 Failed Tests 1 
ΓÄ»ΓÄ»ΓÄ»ΓÄ»ΓÄ»ΓÄ»ΓÄ»

 FAIL  src/tests/inte
gration/dashboard-por
tfolio-display.test.t
sx > Dashboard 
Portfolio Display 
Integration Test > 
should display the 
loading indicator 
and then render the 
demo portfolio
TestingLibraryElement
Error: Unable to 
find an element with 
the text: AAPL. This 
could be because the 
text is broken up by 
multiple elements. 
In this case, you 
can provide a 
function for your 
text matcher to make 
your matcher more 
flexible.

Ignored nodes: 
comments, script, 
style
[36m<body>[39m
  [36m<div>[39m
    [36m<div[39m
      [33mclass[39m
=[32m"MuiBox-root 
css-1wcaknn"[39m
    [36m>[39m
      [36m<div[39m
        [33mclass[3
9m=[32m"MuiPaper-roo
t MuiPaper-elevation 
MuiPaper-rounded 
MuiPaper-elevation0 
MuiAlert-root 
MuiAlert-colorError M
uiAlert-standardError
 MuiAlert-standard cs
s-x7o5da-MuiPaper-roo
t-MuiAlert-root"[39m
        [33mrole[39
m=[32m"alert"[39m
      [36m>[39m
        
[36m<div[39m
          [33mclass
[39m=[32m"MuiAlert-i
con css-1ytlwq5-MuiAl
ert-icon"[39m
        [36m>[39m
          
[36m<svg[39m
            [33maria
-hidden[39m=[32m"tr
ue"[39m
            [33mclas
s[39m=[32m"MuiSvgIc
on-root MuiSvgIcon-fo
ntSizeInherit css-1vo
oibu-MuiSvgIcon-root"
[39m
            [33mdata
-testid[39m=[32m"Er
rorOutlineIcon"[39m
            [33mfocu
sable[39m=[32m"fals
e"[39m
            [33mview
Box[39m=[32m"0 0 
24 24"[39m
          [36m>[39m
            
[36m<path[39m
              [33md
[39m=[32m"M11 15h2v2
h-2zm0-8h2v6h-2zm.99-
5C6.47 2 2 6.48 2 
12s4.47 10 9.99 
10C17.52 22 22 17.52 
22 12S17.52 2 11.99 
2zM12 20c-4.42 
0-8-3.58-8-8s3.58-8 
8-8 8 3.58 8 8-3.58 
8-8 8z"[39m
            
[36m/>[39m
          
[36m</svg>[39m
        
[36m</div>[39m
        
[36m<div[39m
          [33mclass
[39m=[32m"MuiAlert-m
essage css-1pxa9xg-Mu
iAlert-message"[39m
        [36m>[39m
          
[36m<h6[39m
            [33mclas
s[39m=[32m"MuiTypog
raphy-root 
MuiTypography-h6 MuiT
ypography-gutterBotto
m css-18k87ye-MuiTypo
graphy-root"[39m
          [36m>[39m
            
[0mInitialization 
Error[0m
          
[36m</h6>[39m
          
[36m<p[39m
            [33mclas
s[39m=[32m"MuiTypog
raphy-root 
MuiTypography-body2 c
ss-e784if-MuiTypograp
hy-root"[39m
          [36m>[39m
            
[0mEncryption 
passphrase not set. 
Please authenticate 
first.[0m
          
[36m</p>[39m
        
[36m</div>[39m
      
[36m</div>[39m
    [36m</div>[39m
  [36m</div>[39m
[36m</body>[39m

Ignored nodes: 
comments, script, 
style
[36m<html>[39m
  [36m<head />[39m
  [36m<body>[39m
    [36m<div>[39m
      [36m<div[39m
        [33mclass[3
9m=[32m"MuiBox-root 
css-1wcaknn"[39m
      [36m>[39m
        
[36m<div[39m
          [33mclass
[39m=[32m"MuiPaper-r
oot 
MuiPaper-elevation 
MuiPaper-rounded 
MuiPaper-elevation0 
MuiAlert-root 
MuiAlert-colorError M
uiAlert-standardError
 MuiAlert-standard cs
s-x7o5da-MuiPaper-roo
t-MuiAlert-root"[39m
          [33mrole[
39m=[32m"alert"[39m
        [36m>[39m
          
[36m<div[39m
            [33mclas
s[39m=[32m"MuiAlert
-icon css-1ytlwq5-Mui
Alert-icon"[39m
          [36m>[39m
            
[36m<svg[39m
              [33mar
ia-hidden[39m=[32m"
true"[39m
              [33mcl
ass[39m=[32m"MuiSvg
Icon-root MuiSvgIcon-
fontSizeInherit css-1
vooibu-MuiSvgIcon-roo
t"[39m
              [33mda
ta-testid[39m=[32m"
ErrorOutlineIcon"[39
m
              [33mfo
cusable[39m=[32m"fa
lse"[39m
              [33mvi
ewBox[39m=[32m"0 0 
24 24"[39m
            
[36m>[39m
              
[36m<path[39m
                [33m
d[39m=[32m"M11 15h2
v2h-2zm0-8h2v6h-2zm.9
9-5C6.47 2 2 6.48 2 
12s4.47 10 9.99 
10C17.52 22 22 17.52 
22 12S17.52 2 11.99 
2zM12 20c-4.42 
0-8-3.58-8-8s3.58-8 
8-8 8 3.58 8 8-3.58 
8-8 8z"[39m
              
[36m/>[39m
            
[36m</svg>[39m
          
[36m</div>[39m
          
[36m<div[39m
            [33mclas
s[39m=[32m"MuiAlert
-message css-1pxa9xg-
MuiAlert-message"[39
m
          [36m>[39m
            
[36m<h6[39m
              [33mcl
ass[39m=[32m"MuiTyp
ography-root 
MuiTypography-h6 MuiT
ypography-gutterBotto
m css-18k87ye-MuiTypo
graphy-root"[39m
            
[36m>[39m
              
[0mInitialization 
Error[0m
            
[36m</h6>[39m
            
[36m<p[39m
              [33mcl
ass[39m=[32m"MuiTyp
ography-root 
MuiTypography-body2 c
ss-e784if-MuiTypograp
hy-root"[39m
            
[36m>[39m
              
[0mEncryption 
passphrase not set. 
Please authenticate 
first.[0m
            
[36m</p>[39m
          
[36m</div>[39m
        
[36m</div>[39m
      
[36m</div>[39m
    [36m</div>[39m
  [36m</body>[39m
[36m</html>[39m
 Γ¥» 
Proxy.waitForWrapper 
node_modules/@testing
-library/dom/dist/wai
t-for.js:163:27
 Γ¥» src/tests/integr
ation/dashboard-portf
olio-display.test.tsx
:28:11
     26|     // 2. 
Wait for the async 
operations (DB 
seeding, fetching, 
renderiΓÇª
     27|     //    
and then check for 
the final rendered 
data.
     28|     await 
waitFor(
       |           ^
     29|       () => 
{
     30|         // 
The loading 
indicator should 
disappear

ΓÄ»ΓÄ»ΓÄ»ΓÄ»ΓÄ»ΓÄ»ΓÄ»
ΓÄ»ΓÄ»ΓÄ»ΓÄ»ΓÄ»ΓÄ»ΓÄ»
ΓÄ»ΓÄ»ΓÄ»ΓÄ»ΓÄ»ΓÄ»ΓÄ»
ΓÄ»ΓÄ»ΓÄ»[1/1]ΓÄ»

 Test Files  1 failed (1)
      Tests  1 failed (1)
   Start at  21:26:53
   Duration  8.91s (transform 193ms, setup 263ms, collect 2.21s, tests 5.13s, environment 778ms, prepare 153ms)

